2026/09/23 14:43:09 Redis disabled or unavailable; using local in-process locks
2026/09/23 14:43:10 Listening on :3001
2026/09/23 14:51:45 WARN unknown model type, keep raw value: FR-1080Y
2026/09/23 14:51:45 WARN unknown model type, keep raw value: FR-850MS
2026/09/23 14:51:45 WARN unknown model type, keep raw value: FT
2026/09/23 14:51:45 WARN unknown model type, keep raw value: FR-8060Y
2026/09/23 14:51:45 WARN unknown model type, keep raw value: FR-7055Y
2026/09/23 14:52:18 WARN unknown model type, keep raw value: FR-1080Y
2026/09/23 14:52:18 WARN unknown model type, keep raw value: FR-850MS
2026/09/23 14:52:18 WARN unknown model type, keep raw value: FT
2026/09/23 14:52:18 WARN unknown model type, keep raw value: FR-8060Y
2026/09/23 14:52:18 WARN unknown model type, keep raw value: FR-7055Y
2026/09/23 18:56:08 WARN unknown model type, keep raw value: FR-1080Y
2026/09/23 18:56:08 WARN unknown model type, keep raw value: FR-850MS
2026/09/23 18:56:08 WARN unknown model type, keep raw value: FT
2026/09/23 18:56:08 WARN unknown model type, keep raw value: FR-8060Y
2026/09/23 18:56:08 WARN unknown model type, keep raw value: FR-7055Y
2026/09/23 18:56:08 WARN unknown model type, keep raw value: FR-1080Y
2026/09/23 18:56:08 WARN unknown model type, keep raw value: FR-850MS
2026/09/23 18:56:08 WARN unknown model type, keep raw value: FT
2026/09/23 18:56:08 WARN unknown model type, keep raw value: FR-8060Y
2026/09/23 18:56:08 WARN unknown model type, keep raw value: FR-7055Y
2026/09/23 18:56:51 WARN unknown model type, keep raw value: FR-1080Y
2026/09/23 18:56:51 WARN unknown model type, keep raw value: FR-850MS
2026/09/23 18:56:51 WARN unknown model type, keep raw value: FT
2026/09/23 18:56:51 WARN unknown model type, keep raw value: FR-8060Y
2026/09/23 18:56:51 WARN unknown model type, keep raw value: FR-7055Y
2026/09/23 18:58:14 WARN unknown model type, keep raw value: SPECIAL
2026/09/23 18:59:32 WARN unknown model type, keep raw value: FR-1080Y
2026/09/23 18:59:32 WARN unknown model type, keep raw value: FR-850MS
2026/09/23 18:59:32 WARN unknown model type, keep raw value: FT
2026/09/23 18:59:32 WARN unknown model type, keep raw value: FR-8060Y
2026/09/23 18:59:32 WARN unknown model type, keep raw value: FR-7055Y
2026/09/23 18:59:44 WARN unknown model type, keep raw value: FR-1080Y
2026/09/23 18:59:44 WARN unknown model type, keep raw value: FR-850MS
2026/09/23 18:59:44 WARN unknown model type, keep raw value: FT
2026/09/23 18:59:44 WARN unknown model type, keep raw value: FR-8060Y
2026/09/23 18:59:44 WARN unknown model type, keep raw value: FR-7055Y
2026/09/23 19:03:43 WARN unknown model type, keep raw value: FR-1080Y
2026/09/23 19:03:43 WARN unknown model type, keep raw value: FR-850MS
2026/09/23 19:03:43 WARN unknown model type, keep raw value: FT
2026/09/23 19:03:43 WARN unknown model type, keep raw value: FR-8060Y
2026/09/23 19:03:43 WARN unknown model type, keep raw value: FR-7055Y
2026/09/23 19:03:43 WARN unknown model type, keep raw value: FR-1080Y
2026/09/23 19:03:43 WARN unknown model type, keep raw value: FR-850MS
2026/09/23 19:03:43 WARN unknown model type, keep raw value: FT
2026/09/23 19:03:43 WARN unknown model type, keep raw value: FR-8060Y
2026/09/23 19:03:43 WARN unknown model type, keep raw value: FR-7055Y
2026/09/23 19:04:27 WARN unknown model type, keep raw value: FR-1080Y
2026/09/23 19:04:27 WARN unknown model type, keep raw value: FR-850MS
2026/09/23 19:04:27 WARN unknown model type, keep raw value: FT
2026/09/23 19:04:27 WARN unknown model type, keep raw value: FR-8060Y
2026/09/23 19:04:27 WARN unknown model type, keep raw value: FR-7055Y
2026/09/23 19:04:39 WARN unknown model type, keep raw value: FR-1080Y
2026/09/23 19:04:39 WARN unknown model type, keep raw value: FR-850MS
2026/09/23 19:04:39 WARN unknown model type, keep raw value: FT
2026/09/23 19:04:39 WARN unknown model type, keep raw value: FR-8060Y
2026/09/23 19:04:39 WARN unknown model type, keep raw value: FR-7055Y
2026/09/23 19:04:54 WARN unknown model type, keep raw value: FR-1080Y
2026/09/23 19:04:54 WARN unknown model type, keep raw value: FR-850MS
2026/09/23 19:04:54 WARN unknown model type, keep raw value: FT
2026/09/23 19:04:54 WARN unknown model type, keep raw value: FR-8060Y
2026/09/23 19:04:54 WARN unknown model type, keep raw value: FR-7055Y
2026/09/23 19:05:02 WARN unknown model type, keep raw value: FR-1080Y
2026/09/23 19:05:02 WARN unknown model type, keep raw value: FR-850MS
2026/09/23 19:05:02 WARN unknown model type, keep raw value: FT
2026/09/23 19:05:02 WARN unknown model type, keep raw value: FR-8060Y
2026/09/23 19:05:02 WARN unknown model type, keep raw value: FR-7055Y
2026/09/23 19:05:48 WARN unknown model type, keep raw value: FR-1080Y
2026/09/23 19:05:48 WARN unknown model type, keep raw value: FR-850MS
2026/09/23 19:05:48 WARN unknown model type, keep raw value: FT
2026/09/23 19:05:48 WARN unknown model type, keep raw value: FR-8060Y
2026/09/23 19:05:48 WARN unknown model type, keep raw value: FR-7055Y
2026/09/23 19:05:48 WARN unknown model type, keep raw value: FR-1080Y
2026/09/23 19:05:48 WARN unknown model type, keep raw value: FR-850MS
2026/09/23 19:05:48 WARN unknown model type, keep raw value: FT
2026/09/23 19:05:48 WARN unknown model type, keep raw value: FR-8060Y
2026/09/23 19:05:48 WARN unknown model type, keep raw value: FR-7055Y
2026/09/23 19:06:24 WARN unknown model type, keep raw value: FR-1080Y
2026/09/23 19:06:24 WARN unknown model type, keep raw value: FR-850MS
2026/09/23 19:06:24 WARN unknown model type, keep raw value: FT
2026/09/23 19:06:24 WARN unknown model type, keep raw value: FR-8060Y
2026/09/23 19:06:24 WARN unknown model type, keep raw value: FR-7055Y
2026/09/23 19:06:35 WARN unknown model type, keep raw value: FR-1080Y
2026/09/23 19:06:35 WARN unknown model type, keep raw value: FR-850MS
2026/09/23 19:06:35 WARN unknown model type, keep raw value: FT
2026/09/23 19:06:35 WARN unknown model type, keep raw value: FR-8060Y
2026/09/23 19:06:35 WARN unknown model type, keep raw value: FR-7055Y
2026/09/23 19:06:36 WARN unknown model type, keep raw value: FR-1080Y
2026/09/23 19:06:36 WARN unknown model type, keep raw value: FR-850MS
2026/09/23 19:06:36 WARN unknown model type, keep raw value: FT
2026/09/23 19:06:36 WARN unknown model type, keep raw value: FR-8060Y
2026/09/23 19:06:36 WARN unknown model type, keep raw value: FR-7055Y
2026/09/23 19:06:58 WARN unknown model type, keep raw value: FR-1080Y
2026/09/23 19:06:58 WARN unknown model type, keep raw value: FR-850MS
2026/09/23 19:06:58 WARN unknown model type, keep raw value: FT
2026/09/23 19:06:58 WARN unknown model type, keep raw value: FR-8060Y
2026/09/23 19:06:58 WARN unknown model type, keep raw value: FR-7055Y
2026/09/23 19:08:20 WARN unknown model type, keep raw value: FR-1080Y
2026/09/23 19:08:20 WARN unknown model type, keep raw value: FR-850MS
2026/09/23 19:08:20 WARN unknown model type, keep raw value: FT
2026/09/23 19:08:20 WARN unknown model type, keep raw value: FR-8060Y
2026/09/23 19:08:20 WARN unknown model type, keep raw value: FR-7055Y
2026/09/23 19:09:16 WARN unknown model type, keep raw value: FR-1080Y
2026/09/23 19:09:16 WARN unknown model type, keep raw value: FR-850MS
2026/09/23 19:09:16 WARN unknown model type, keep raw value: FT
2026/09/23 19:09:16 WARN unknown model type, keep raw value: FR-8060Y
2026/09/23 19:09:16 WARN unknown model type, keep raw value: FR-7055Y
