2026/05/03 18:05:07 Redis disabled or unavailable; using local in-process locks
2026/05/03 18:05:07 Listening on :3001
2026/05/03 18:11:56 WARN unknown model type, keep raw value: FH-260C
2026/05/03 18:11:56 WARN unknown model type, keep raw value: FH-300C
2026/05/03 18:11:56 WARN unknown model type, keep raw value: FR-1080Y
2026/05/03 18:11:56 WARN unknown model type, keep raw value: FR-8060Y(PRO)
2026/05/03 18:11:56 WARN unknown model type, keep raw value: FR-850MS
2026/05/03 18:11:56 WARN unknown model type, keep raw value: FT
2026/05/03 18:11:56 WARN unknown model type, keep raw value: FH-260C
2026/05/03 18:11:56 WARN unknown model type, keep raw value: FH-300C
2026/05/03 18:11:56 WARN unknown model type, keep raw value: FR-1080Y
2026/05/03 18:11:56 WARN unknown model type, keep raw value: FR-8060Y(PRO)
2026/05/03 18:11:56 WARN unknown model type, keep raw value: FR-850MS
2026/05/03 18:11:56 WARN unknown model type, keep raw value: FT
2026/05/03 18:12:03 WARN unknown model type, keep raw value: FH-260C
2026/05/03 18:12:03 WARN unknown model type, keep raw value: FH-300C
2026/05/03 18:12:03 WARN unknown model type, keep raw value: FR-1080Y
2026/05/03 18:12:03 WARN unknown model type, keep raw value: FR-8060Y(PRO)
2026/05/03 18:12:03 WARN unknown model type, keep raw value: FR-850MS
2026/05/03 18:12:03 WARN unknown model type, keep raw value: FT
2026/05/03 18:12:03 WARN unknown model type, keep raw value: FH-260C
2026/05/03 18:12:03 WARN unknown model type, keep raw value: FH-300C
2026/05/03 18:12:03 WARN unknown model type, keep raw value: FR-1080Y
2026/05/03 18:12:03 WARN unknown model type, keep raw value: FR-8060Y(PRO)
2026/05/03 18:12:03 WARN unknown model type, keep raw value: FR-850MS
2026/05/03 18:12:03 WARN unknown model type, keep raw value: FT
2026/05/03 18:14:05 WARN unknown model type, keep raw value: FH-260C
2026/05/03 18:14:05 WARN unknown model type, keep raw value: FH-300C
2026/05/03 18:14:05 WARN unknown model type, keep raw value: FR-1080Y
2026/05/03 18:14:05 WARN unknown model type, keep raw value: FR-8060Y(PRO)
2026/05/03 18:14:05 WARN unknown model type, keep raw value: FR-850MS
2026/05/03 18:14:05 WARN unknown model type, keep raw value: FT
2026/05/03 18:14:05 WARN unknown model type, keep raw value: FH-260C
2026/05/03 18:14:05 WARN unknown model type, keep raw value: FH-300C
2026/05/03 18:14:05 WARN unknown model type, keep raw value: FR-1080Y
2026/05/03 18:14:05 WARN unknown model type, keep raw value: FR-8060Y(PRO)
2026/05/03 18:14:05 WARN unknown model type, keep raw value: FR-850MS
2026/05/03 18:14:05 WARN unknown model type, keep raw value: FT
2026/05/03 18:14:40 WARN unknown model type, keep raw value: FH-260C
2026/05/03 18:14:40 WARN unknown model type, keep raw value: FH-300C
2026/05/03 18:14:40 WARN unknown model type, keep raw value: FR-1080Y
2026/05/03 18:14:40 WARN unknown model type, keep raw value: FR-8060Y(PRO)
2026/05/03 18:14:40 WARN unknown model type, keep raw value: FR-850MS
2026/05/03 18:14:40 WARN unknown model type, keep raw value: FT
2026/05/03 18:14:40 WARN unknown model type, keep raw value: FH-260C
2026/05/03 18:14:40 WARN unknown model type, keep raw value: FH-300C
2026/05/03 18:14:40 WARN unknown model type, keep raw value: FR-1080Y
2026/05/03 18:14:40 WARN unknown model type, keep raw value: FR-8060Y(PRO)
2026/05/03 18:14:40 WARN unknown model type, keep raw value: FR-850MS
2026/05/03 18:14:40 WARN unknown model type, keep raw value: FT
2026/05/03 18:15:19 WARN unknown model type, keep raw value: FH-260C
2026/05/03 18:15:19 WARN unknown model type, keep raw value: FH-300C
2026/05/03 18:15:19 WARN unknown model type, keep raw value: FR-1080Y
2026/05/03 18:15:19 WARN unknown model type, keep raw value: FR-8060Y(PRO)
2026/05/03 18:15:19 WARN unknown model type, keep raw value: FR-850MS
2026/05/03 18:15:19 WARN unknown model type, keep raw value: FT
2026/05/03 18:15:19 WARN unknown model type, keep raw value: FH-260C
2026/05/03 18:15:19 WARN unknown model type, keep raw value: FH-300C
2026/05/03 18:15:19 WARN unknown model type, keep raw value: FR-1080Y
2026/05/03 18:15:19 WARN unknown model type, keep raw value: FR-8060Y(PRO)
2026/05/03 18:15:19 WARN unknown model type, keep raw value: FR-850MS
2026/05/03 18:15:19 WARN unknown model type, keep raw value: FT
2026/05/03 18:15:24 WARN unknown model type, keep raw value: FH-260C
2026/05/03 18:15:24 WARN unknown model type, keep raw value: FH-300C
2026/05/03 18:15:24 WARN unknown model type, keep raw value: FR-1080Y
2026/05/03 18:15:24 WARN unknown model type, keep raw value: FR-8060Y(PRO)
2026/05/03 18:15:24 WARN unknown model type, keep raw value: FR-850MS
2026/05/03 18:15:24 WARN unknown model type, keep raw value: FT
2026/05/03 18:15:24 WARN unknown model type, keep raw value: FH-260C
2026/05/03 18:15:24 WARN unknown model type, keep raw value: FH-300C
2026/05/03 18:15:24 WARN unknown model type, keep raw value: FR-1080Y
2026/05/03 18:15:24 WARN unknown model type, keep raw value: FR-8060Y(PRO)
2026/05/03 18:15:24 WARN unknown model type, keep raw value: FR-850MS
2026/05/03 18:15:24 WARN unknown model type, keep raw value: FT
2026/05/03 18:15:27 WARN unknown model type, keep raw value: FH-260C
2026/05/03 18:15:27 WARN unknown model type, keep raw value: FH-300C
2026/05/03 18:15:27 WARN unknown model type, keep raw value: FR-1080Y
2026/05/03 18:15:27 WARN unknown model type, keep raw value: FR-8060Y(PRO)
2026/05/03 18:15:27 WARN unknown model type, keep raw value: FR-850MS
2026/05/03 18:15:27 WARN unknown model type, keep raw value: FT
2026/05/03 18:15:27 WARN unknown model type, keep raw value: FH-260C
2026/05/03 18:15:27 WARN unknown model type, keep raw value: FH-300C
2026/05/03 18:15:27 WARN unknown model type, keep raw value: FR-1080Y
2026/05/03 18:15:27 WARN unknown model type, keep raw value: FR-8060Y(PRO)
2026/05/03 18:15:27 WARN unknown model type, keep raw value: FR-850MS
2026/05/03 18:15:27 WARN unknown model type, keep raw value: FT
2026/05/03 18:16:12 WARN unknown model type, keep raw value: FH-260C
2026/05/03 18:16:12 WARN unknown model type, keep raw value: FH-300C
2026/05/03 18:16:12 WARN unknown model type, keep raw value: FR-1080Y
2026/05/03 18:16:12 WARN unknown model type, keep raw value: FR-8060Y(PRO)
2026/05/03 18:16:12 WARN unknown model type, keep raw value: FR-850MS
2026/05/03 18:16:12 WARN unknown model type, keep raw value: FT
2026/05/03 18:16:12 WARN unknown model type, keep raw value: FH-260C
2026/05/03 18:16:12 WARN unknown model type, keep raw value: FH-300C
2026/05/03 18:16:12 WARN unknown model type, keep raw value: FR-1080Y
2026/05/03 18:16:12 WARN unknown model type, keep raw value: FR-8060Y(PRO)
2026/05/03 18:16:12 WARN unknown model type, keep raw value: FR-850MS
2026/05/03 18:16:12 WARN unknown model type, keep raw value: FT
2026/05/03 18:16:13 WARN unknown model type, keep raw value: FH-260C
2026/05/03 18:16:13 WARN unknown model type, keep raw value: FH-300C
2026/05/03 18:16:13 WARN unknown model type, keep raw value: FR-1080Y
2026/05/03 18:16:13 WARN unknown model type, keep raw value: FR-8060Y(PRO)
2026/05/03 18:16:13 WARN unknown model type, keep raw value: FR-850MS
2026/05/03 18:16:13 WARN unknown model type, keep raw value: FT
2026/05/03 18:16:13 WARN unknown model type, keep raw value: FH-260C
2026/05/03 18:16:13 WARN unknown model type, keep raw value: FH-300C
2026/05/03 18:16:13 WARN unknown model type, keep raw value: FR-1080Y
2026/05/03 18:16:13 WARN unknown model type, keep raw value: FR-8060Y(PRO)
2026/05/03 18:16:13 WARN unknown model type, keep raw value: FR-850MS
2026/05/03 18:16:13 WARN unknown model type, keep raw value: FT
2026/05/03 18:33:57 WARN unknown model type, keep raw value: FH-260C
2026/05/03 18:33:57 WARN unknown model type, keep raw value: FH-300C
2026/05/03 18:33:57 WARN unknown model type, keep raw value: FR-1080Y
2026/05/03 18:33:57 WARN unknown model type, keep raw value: FR-8060Y(PRO)
2026/05/03 18:33:57 WARN unknown model type, keep raw value: FR-850MS
2026/05/03 18:33:57 WARN unknown model type, keep raw value: FT
2026/05/03 18:33:57 WARN unknown model type, keep raw value: FH-260C
2026/05/03 18:33:57 WARN unknown model type, keep raw value: FH-300C
2026/05/03 18:33:57 WARN unknown model type, keep raw value: FR-1080Y
2026/05/03 18:33:57 WARN unknown model type, keep raw value: FR-8060Y(PRO)
2026/05/03 18:33:57 WARN unknown model type, keep raw value: FR-850MS
2026/05/03 18:33:57 WARN unknown model type, keep raw value: FT
2026/05/03 18:52:36 WARN unknown model type, keep raw value: FH-260C
2026/05/03 18:52:36 WARN unknown model type, keep raw value: FH-300C
2026/05/03 18:52:36 WARN unknown model type, keep raw value: FR-1080Y
2026/05/03 18:52:36 WARN unknown model type, keep raw value: FR-8060Y(PRO)
2026/05/03 18:52:36 WARN unknown model type, keep raw value: FR-850MS
2026/05/03 18:52:36 WARN unknown model type, keep raw value: FT
2026/05/03 18:52:36 WARN unknown model type, keep raw value: FH-260C
2026/05/03 18:52:36 WARN unknown model type, keep raw value: FH-300C
2026/05/03 18:52:36 WARN unknown model type, keep raw value: FR-1080Y
2026/05/03 18:52:36 WARN unknown model type, keep raw value: FR-8060Y(PRO)
2026/05/03 18:52:36 WARN unknown model type, keep raw value: FR-850MS
2026/05/03 18:52:36 WARN unknown model type, keep raw value: FT
2026/05/03 18:53:21 WARN unknown model type, keep raw value: FT
2026/05/03 18:53:21 WARN unknown model type, keep raw value: FR-1080Y
2026/05/03 18:53:21 WARN unknown model type, keep raw value: FT
2026/05/03 18:53:21 WARN unknown model type, keep raw value: FT
2026/05/03 18:53:21 WARN unknown model type, keep raw value: FT
2026/05/03 18:53:21 WARN unknown model type, keep raw value: FR-1080Y
2026/05/03 18:53:21 WARN unknown model type, keep raw value: FT
2026/05/03 18:53:21 WARN unknown model type, keep raw value: FT
2026/05/03 18:53:28 WARN unknown model type, keep raw value: FH-260C
2026/05/03 18:53:28 WARN unknown model type, keep raw value: FH-300C
2026/05/03 18:53:28 WARN unknown model type, keep raw value: FR-1080Y
2026/05/03 18:53:28 WARN unknown model type, keep raw value: FR-8060Y(PRO)
2026/05/03 18:53:28 WARN unknown model type, keep raw value: FR-850MS
2026/05/03 18:53:28 WARN unknown model type, keep raw value: FT
2026/05/03 18:53:28 WARN unknown model type, keep raw value: FH-260C
2026/05/03 18:53:28 WARN unknown model type, keep raw value: FH-300C
2026/05/03 18:53:28 WARN unknown model type, keep raw value: FR-1080Y
2026/05/03 18:53:28 WARN unknown model type, keep raw value: FR-8060Y(PRO)
2026/05/03 18:53:28 WARN unknown model type, keep raw value: FR-850MS
2026/05/03 18:53:28 WARN unknown model type, keep raw value: FT
2026/05/03 18:59:52 WARN unknown model type, keep raw value: FH-260C
2026/05/03 18:59:52 WARN unknown model type, keep raw value: FH-300C
2026/05/03 18:59:52 WARN unknown model type, keep raw value: FR-1080Y
2026/05/03 18:59:52 WARN unknown model type, keep raw value: FR-8060Y(PRO)
2026/05/03 18:59:52 WARN unknown model type, keep raw value: FR-850MS
2026/05/03 18:59:52 WARN unknown model type, keep raw value: FT
2026/05/03 18:59:52 WARN unknown model type, keep raw value: FH-260C
2026/05/03 18:59:52 WARN unknown model type, keep raw value: FH-300C
2026/05/03 18:59:52 WARN unknown model type, keep raw value: FR-1080Y
2026/05/03 18:59:52 WARN unknown model type, keep raw value: FR-8060Y(PRO)
2026/05/03 18:59:52 WARN unknown model type, keep raw value: FR-850MS
2026/05/03 18:59:52 WARN unknown model type, keep raw value: FT
2026/05/03 18:59:53 WARN unknown model type, keep raw value: FH-260C
2026/05/03 18:59:53 WARN unknown model type, keep raw value: FH-300C
2026/05/03 18:59:53 WARN unknown model type, keep raw value: FR-1080Y
2026/05/03 18:59:53 WARN unknown model type, keep raw value: FR-8060Y(PRO)
2026/05/03 18:59:53 WARN unknown model type, keep raw value: FR-850MS
2026/05/03 18:59:53 WARN unknown model type, keep raw value: FT
2026/05/03 18:59:53 WARN unknown model type, keep raw value: FH-260C
2026/05/03 18:59:53 WARN unknown model type, keep raw value: FH-300C
2026/05/03 18:59:53 WARN unknown model type, keep raw value: FR-1080Y
2026/05/03 18:59:53 WARN unknown model type, keep raw value: FR-8060Y(PRO)
2026/05/03 18:59:53 WARN unknown model type, keep raw value: FR-850MS
2026/05/03 18:59:53 WARN unknown model type, keep raw value: FT
2026/05/03 18:59:58 WARN unknown model type, keep raw value: FH-260C
2026/05/03 18:59:58 WARN unknown model type, keep raw value: FH-300C
2026/05/03 18:59:58 WARN unknown model type, keep raw value: FR-1080Y
2026/05/03 18:59:58 WARN unknown model type, keep raw value: FR-8060Y(PRO)
2026/05/03 18:59:58 WARN unknown model type, keep raw value: FR-850MS
2026/05/03 18:59:58 WARN unknown model type, keep raw value: FT
2026/05/03 18:59:58 WARN unknown model type, keep raw value: FH-260C
2026/05/03 18:59:58 WARN unknown model type, keep raw value: FH-300C
2026/05/03 18:59:58 WARN unknown model type, keep raw value: FR-1080Y
2026/05/03 18:59:58 WARN unknown model type, keep raw value: FR-8060Y(PRO)
2026/05/03 18:59:58 WARN unknown model type, keep raw value: FR-850MS
2026/05/03 18:59:58 WARN unknown model type, keep raw value: FT
2026/05/03 19:00:01 WARN unknown model type, keep raw value: FH-260C
2026/05/03 19:00:01 WARN unknown model type, keep raw value: FH-300C
2026/05/03 19:00:01 WARN unknown model type, keep raw value: FR-1080Y
2026/05/03 19:00:01 WARN unknown model type, keep raw value: FR-8060Y(PRO)
2026/05/03 19:00:01 WARN unknown model type, keep raw value: FR-850MS
2026/05/03 19:00:01 WARN unknown model type, keep raw value: FT
2026/05/03 19:00:01 WARN unknown model type, keep raw value: FH-260C
2026/05/03 19:00:01 WARN unknown model type, keep raw value: FH-300C
2026/05/03 19:00:01 WARN unknown model type, keep raw value: FR-1080Y
2026/05/03 19:00:01 WARN unknown model type, keep raw value: FR-8060Y(PRO)
2026/05/03 19:00:01 WARN unknown model type, keep raw value: FR-850MS
2026/05/03 19:00:01 WARN unknown model type, keep raw value: FT
2026/05/03 19:00:13 WARN unknown model type, keep raw value: FH-260C
2026/05/03 19:00:13 WARN unknown model type, keep raw value: FH-300C
2026/05/03 19:00:13 WARN unknown model type, keep raw value: FR-1080Y
2026/05/03 19:00:13 WARN unknown model type, keep raw value: FR-8060Y(PRO)
2026/05/03 19:00:13 WARN unknown model type, keep raw value: FR-850MS
2026/05/03 19:00:13 WARN unknown model type, keep raw value: FT
2026/05/03 19:00:13 WARN unknown model type, keep raw value: FH-260C
2026/05/03 19:00:13 WARN unknown model type, keep raw value: FH-300C
2026/05/03 19:00:13 WARN unknown model type, keep raw value: FR-1080Y
2026/05/03 19:00:13 WARN unknown model type, keep raw value: FR-8060Y(PRO)
2026/05/03 19:00:13 WARN unknown model type, keep raw value: FR-850MS
2026/05/03 19:00:13 WARN unknown model type, keep raw value: FT
