2026/05/16 09:21:47 Redis disabled or unavailable; using local in-process locks
2026/05/16 09:21:47 Listening on :3001
2026/05/16 09:23:57 WARN unknown model type, keep raw value: FR-1080Y
2026/05/16 09:23:57 WARN unknown model type, keep raw value: FR-850MS
2026/05/16 09:23:57 WARN unknown model type, keep raw value: FT
2026/05/16 09:23:57 WARN unknown model type, keep raw value: FR-8060Y(PRO)
2026/05/16 09:23:57 WARN unknown model type, keep raw value: FR-8060Y
2026/05/16 09:24:02 WARN unknown model type, keep raw value: FR-1080Y
2026/05/16 09:24:02 WARN unknown model type, keep raw value: FR-850MS
2026/05/16 09:24:02 WARN unknown model type, keep raw value: FT
2026/05/16 09:24:02 WARN unknown model type, keep raw value: FR-8060Y(PRO)
2026/05/16 09:24:02 WARN unknown model type, keep raw value: FR-1080Y
2026/05/16 09:24:02 WARN unknown model type, keep raw value: FR-850MS
2026/05/16 09:24:02 WARN unknown model type, keep raw value: FT
2026/05/16 09:24:02 WARN unknown model type, keep raw value: FR-8060Y(PRO)
2026/05/16 09:24:03 WARN unknown model type, keep raw value: FR-1080Y
2026/05/16 09:24:03 WARN unknown model type, keep raw value: FR-850MS
2026/05/16 09:24:03 WARN unknown model type, keep raw value: FT
2026/05/16 09:24:03 WARN unknown model type, keep raw value: FR-8060Y(PRO)
2026/05/16 09:24:03 WARN unknown model type, keep raw value: FR-1080Y
2026/05/16 09:24:03 WARN unknown model type, keep raw value: FR-850MS
2026/05/16 09:24:03 WARN unknown model type, keep raw value: FT
2026/05/16 09:24:03 WARN unknown model type, keep raw value: FR-8060Y(PRO)
2026/05/16 09:24:05 WARN unknown model type, keep raw value: FR-1080Y
2026/05/16 09:24:05 WARN unknown model type, keep raw value: FR-850MS
2026/05/16 09:24:05 WARN unknown model type, keep raw value: FT
2026/05/16 09:24:05 WARN unknown model type, keep raw value: FR-8060Y(PRO)
2026/05/16 09:24:05 WARN unknown model type, keep raw value: FR-1080Y
2026/05/16 09:24:05 WARN unknown model type, keep raw value: FR-850MS
2026/05/16 09:24:05 WARN unknown model type, keep raw value: FT
2026/05/16 09:24:05 WARN unknown model type, keep raw value: FR-8060Y(PRO)
2026/05/16 09:24:06 WARN unknown model type, keep raw value: FR-1080Y
2026/05/16 09:24:06 WARN unknown model type, keep raw value: FR-850MS
2026/05/16 09:24:06 WARN unknown model type, keep raw value: FT
2026/05/16 09:24:06 WARN unknown model type, keep raw value: FR-8060Y(PRO)
2026/05/16 09:24:06 WARN unknown model type, keep raw value: FR-1080Y
2026/05/16 09:24:06 WARN unknown model type, keep raw value: FR-850MS
2026/05/16 09:24:06 WARN unknown model type, keep raw value: FT
2026/05/16 09:24:06 WARN unknown model type, keep raw value: FR-8060Y(PRO)
2026/05/16 09:24:07 WARN unknown model type, keep raw value: FR-1080Y
2026/05/16 09:24:07 WARN unknown model type, keep raw value: FR-850MS
2026/05/16 09:24:07 WARN unknown model type, keep raw value: FT
2026/05/16 09:24:07 WARN unknown model type, keep raw value: FR-8060Y(PRO)
2026/05/16 09:24:07 WARN unknown model type, keep raw value: FR-1080Y
2026/05/16 09:24:07 WARN unknown model type, keep raw value: FR-850MS
2026/05/16 09:24:07 WARN unknown model type, keep raw value: FT
2026/05/16 09:24:07 WARN unknown model type, keep raw value: FR-8060Y(PRO)
2026/05/16 09:24:07 WARN unknown model type, keep raw value: FR-1080Y
2026/05/16 09:24:07 WARN unknown model type, keep raw value: FR-850MS
2026/05/16 09:24:07 WARN unknown model type, keep raw value: FT
2026/05/16 09:24:07 WARN unknown model type, keep raw value: FR-8060Y(PRO)
2026/05/16 09:24:07 WARN unknown model type, keep raw value: FR-1080Y
2026/05/16 09:24:07 WARN unknown model type, keep raw value: FR-850MS
2026/05/16 09:24:07 WARN unknown model type, keep raw value: FT
2026/05/16 09:24:07 WARN unknown model type, keep raw value: FR-8060Y(PRO)
2026/05/16 09:24:08 WARN unknown model type, keep raw value: FR-1080Y
2026/05/16 09:24:08 WARN unknown model type, keep raw value: FR-850MS
2026/05/16 09:24:08 WARN unknown model type, keep raw value: FT
2026/05/16 09:24:08 WARN unknown model type, keep raw value: FR-8060Y(PRO)
2026/05/16 09:24:08 WARN unknown model type, keep raw value: FR-1080Y
2026/05/16 09:24:08 WARN unknown model type, keep raw value: FR-850MS
2026/05/16 09:24:08 WARN unknown model type, keep raw value: FT
2026/05/16 09:24:08 WARN unknown model type, keep raw value: FR-8060Y(PRO)
2026/05/16 09:24:08 WARN unknown model type, keep raw value: FR-1080Y
2026/05/16 09:24:08 WARN unknown model type, keep raw value: FR-850MS
2026/05/16 09:24:08 WARN unknown model type, keep raw value: FT
2026/05/16 09:24:08 WARN unknown model type, keep raw value: FR-8060Y(PRO)
2026/05/16 09:24:08 WARN unknown model type, keep raw value: FR-1080Y
2026/05/16 09:24:08 WARN unknown model type, keep raw value: FR-850MS
2026/05/16 09:24:08 WARN unknown model type, keep raw value: FT
2026/05/16 09:24:08 WARN unknown model type, keep raw value: FR-8060Y(PRO)
2026/05/16 09:24:09 WARN unknown model type, keep raw value: FR-1080Y
2026/05/16 09:24:09 WARN unknown model type, keep raw value: FR-850MS
2026/05/16 09:24:09 WARN unknown model type, keep raw value: FT
2026/05/16 09:24:09 WARN unknown model type, keep raw value: FR-8060Y(PRO)
2026/05/16 09:24:09 WARN unknown model type, keep raw value: FR-1080Y
2026/05/16 09:24:09 WARN unknown model type, keep raw value: FR-850MS
2026/05/16 09:24:09 WARN unknown model type, keep raw value: FT
2026/05/16 09:24:09 WARN unknown model type, keep raw value: FR-8060Y(PRO)
2026/05/16 09:24:09 WARN unknown model type, keep raw value: FR-1080Y
2026/05/16 09:24:09 WARN unknown model type, keep raw value: FR-850MS
2026/05/16 09:24:09 WARN unknown model type, keep raw value: FT
2026/05/16 09:24:09 WARN unknown model type, keep raw value: FR-8060Y(PRO)
2026/05/16 09:24:09 WARN unknown model type, keep raw value: FR-1080Y
2026/05/16 09:24:09 WARN unknown model type, keep raw value: FR-850MS
2026/05/16 09:24:09 WARN unknown model type, keep raw value: FT
2026/05/16 09:24:09 WARN unknown model type, keep raw value: FR-8060Y(PRO)
2026/05/16 09:24:09 WARN unknown model type, keep raw value: FR-1080Y
2026/05/16 09:24:09 WARN unknown model type, keep raw value: FR-850MS
2026/05/16 09:24:09 WARN unknown model type, keep raw value: FT
2026/05/16 09:24:09 WARN unknown model type, keep raw value: FR-8060Y(PRO)
2026/05/16 09:24:10 WARN unknown model type, keep raw value: FR-1080Y
2026/05/16 09:24:10 WARN unknown model type, keep raw value: FR-850MS
2026/05/16 09:24:10 WARN unknown model type, keep raw value: FT
2026/05/16 09:24:10 WARN unknown model type, keep raw value: FR-8060Y(PRO)
2026/05/16 09:24:10 WARN unknown model type, keep raw value: FR-1080Y
2026/05/16 09:24:10 WARN unknown model type, keep raw value: FR-850MS
2026/05/16 09:24:10 WARN unknown model type, keep raw value: FT
2026/05/16 09:24:10 WARN unknown model type, keep raw value: FR-8060Y(PRO)
2026/05/16 09:24:11 WARN unknown model type, keep raw value: FR-1080Y
2026/05/16 09:24:11 WARN unknown model type, keep raw value: FR-850MS
2026/05/16 09:24:11 WARN unknown model type, keep raw value: FT
2026/05/16 09:24:11 WARN unknown model type, keep raw value: FR-8060Y(PRO)
2026/05/16 09:24:11 WARN unknown model type, keep raw value: FR-1080Y
2026/05/16 09:24:11 WARN unknown model type, keep raw value: FR-850MS
2026/05/16 09:24:11 WARN unknown model type, keep raw value: FT
2026/05/16 09:24:11 WARN unknown model type, keep raw value: FR-8060Y(PRO)
2026/05/16 09:24:12 WARN unknown model type, keep raw value: FR-1080Y
2026/05/16 09:24:12 WARN unknown model type, keep raw value: FR-850MS
2026/05/16 09:24:12 WARN unknown model type, keep raw value: FT
2026/05/16 09:24:12 WARN unknown model type, keep raw value: FR-8060Y(PRO)
2026/05/16 09:24:12 WARN unknown model type, keep raw value: FR-1080Y
2026/05/16 09:24:12 WARN unknown model type, keep raw value: FR-850MS
2026/05/16 09:24:12 WARN unknown model type, keep raw value: FT
2026/05/16 09:24:12 WARN unknown model type, keep raw value: FR-8060Y(PRO)
2026/05/16 09:24:12 WARN unknown model type, keep raw value: FR-1080Y
2026/05/16 09:24:12 WARN unknown model type, keep raw value: FR-850MS
2026/05/16 09:24:12 WARN unknown model type, keep raw value: FT
2026/05/16 09:24:12 WARN unknown model type, keep raw value: FR-8060Y(PRO)
2026/05/16 09:24:12 WARN unknown model type, keep raw value: FR-1080Y
2026/05/16 09:24:12 WARN unknown model type, keep raw value: FR-850MS
2026/05/16 09:24:12 WARN unknown model type, keep raw value: FT
2026/05/16 09:24:12 WARN unknown model type, keep raw value: FR-8060Y(PRO)
2026/05/16 09:24:13 WARN unknown model type, keep raw value: FR-1080Y
2026/05/16 09:24:13 WARN unknown model type, keep raw value: FR-850MS
2026/05/16 09:24:13 WARN unknown model type, keep raw value: FT
2026/05/16 09:24:13 WARN unknown model type, keep raw value: FR-8060Y(PRO)
2026/05/16 09:24:13 WARN unknown model type, keep raw value: FR-1080Y
2026/05/16 09:24:13 WARN unknown model type, keep raw value: FR-850MS
2026/05/16 09:24:13 WARN unknown model type, keep raw value: FT
2026/05/16 09:24:13 WARN unknown model type, keep raw value: FR-8060Y(PRO)
2026/05/16 09:24:13 WARN unknown model type, keep raw value: FR-1080Y
2026/05/16 09:24:13 WARN unknown model type, keep raw value: FR-850MS
2026/05/16 09:24:13 WARN unknown model type, keep raw value: FT
2026/05/16 09:24:13 WARN unknown model type, keep raw value: FR-8060Y(PRO)
2026/05/16 09:24:13 WARN unknown model type, keep raw value: FR-1080Y
2026/05/16 09:24:13 WARN unknown model type, keep raw value: FR-850MS
2026/05/16 09:24:13 WARN unknown model type, keep raw value: FT
2026/05/16 09:24:13 WARN unknown model type, keep raw value: FR-8060Y(PRO)
2026/05/16 09:24:13 WARN unknown model type, keep raw value: FR-1080Y
2026/05/16 09:24:13 WARN unknown model type, keep raw value: FR-850MS
2026/05/16 09:24:13 WARN unknown model type, keep raw value: FT
2026/05/16 09:24:13 WARN unknown model type, keep raw value: FR-8060Y(PRO)
2026/05/16 09:24:14 WARN unknown model type, keep raw value: FR-1080Y
2026/05/16 09:24:14 WARN unknown model type, keep raw value: FR-850MS
2026/05/16 09:24:14 WARN unknown model type, keep raw value: FT
2026/05/16 09:24:14 WARN unknown model type, keep raw value: FR-8060Y(PRO)
2026/05/16 09:24:14 WARN unknown model type, keep raw value: FR-1080Y
2026/05/16 09:24:14 WARN unknown model type, keep raw value: FR-850MS
2026/05/16 09:24:14 WARN unknown model type, keep raw value: FT
2026/05/16 09:24:14 WARN unknown model type, keep raw value: FR-8060Y(PRO)
2026/05/16 09:24:15 WARN unknown model type, keep raw value: FR-1080Y
2026/05/16 09:24:15 WARN unknown model type, keep raw value: FR-850MS
2026/05/16 09:24:15 WARN unknown model type, keep raw value: FT
2026/05/16 09:24:15 WARN unknown model type, keep raw value: FR-8060Y(PRO)
2026/05/16 09:24:15 WARN unknown model type, keep raw value: FR-1080Y
2026/05/16 09:24:15 WARN unknown model type, keep raw value: FR-850MS
2026/05/16 09:24:15 WARN unknown model type, keep raw value: FT
2026/05/16 09:24:15 WARN unknown model type, keep raw value: FR-8060Y(PRO)
2026/05/16 09:24:16 WARN unknown model type, keep raw value: FR-1080Y
2026/05/16 09:24:16 WARN unknown model type, keep raw value: FR-850MS
2026/05/16 09:24:16 WARN unknown model type, keep raw value: FT
2026/05/16 09:24:16 WARN unknown model type, keep raw value: FR-8060Y(PRO)
2026/05/16 09:24:16 WARN unknown model type, keep raw value: FR-1080Y
2026/05/16 09:24:16 WARN unknown model type, keep raw value: FR-850MS
2026/05/16 09:24:16 WARN unknown model type, keep raw value: FT
2026/05/16 09:24:16 WARN unknown model type, keep raw value: FR-8060Y(PRO)
2026/05/16 09:24:17 WARN unknown model type, keep raw value: FR-1080Y
2026/05/16 09:24:17 WARN unknown model type, keep raw value: FR-850MS
2026/05/16 09:24:17 WARN unknown model type, keep raw value: FT
2026/05/16 09:24:17 WARN unknown model type, keep raw value: FR-8060Y(PRO)
2026/05/16 09:24:17 WARN unknown model type, keep raw value: FR-1080Y
2026/05/16 09:24:17 WARN unknown model type, keep raw value: FR-850MS
2026/05/16 09:24:17 WARN unknown model type, keep raw value: FT
2026/05/16 09:24:17 WARN unknown model type, keep raw value: FR-8060Y(PRO)
2026/05/16 09:24:18 WARN unknown model type, keep raw value: FR-1080Y
2026/05/16 09:24:18 WARN unknown model type, keep raw value: FR-850MS
2026/05/16 09:24:18 WARN unknown model type, keep raw value: FT
2026/05/16 09:24:18 WARN unknown model type, keep raw value: FR-8060Y(PRO)
2026/05/16 09:24:18 WARN unknown model type, keep raw value: FR-1080Y
2026/05/16 09:24:18 WARN unknown model type, keep raw value: FR-850MS
2026/05/16 09:24:18 WARN unknown model type, keep raw value: FT
2026/05/16 09:24:18 WARN unknown model type, keep raw value: FR-8060Y(PRO)
2026/05/16 09:24:18 WARN unknown model type, keep raw value: FR-1080Y
2026/05/16 09:24:18 WARN unknown model type, keep raw value: FR-850MS
2026/05/16 09:24:18 WARN unknown model type, keep raw value: FT
2026/05/16 09:24:18 WARN unknown model type, keep raw value: FR-8060Y(PRO)
2026/05/16 09:24:18 WARN unknown model type, keep raw value: FR-1080Y
2026/05/16 09:24:18 WARN unknown model type, keep raw value: FR-850MS
2026/05/16 09:24:18 WARN unknown model type, keep raw value: FT
2026/05/16 09:24:18 WARN unknown model type, keep raw value: FR-8060Y(PRO)
2026/05/16 09:24:19 WARN unknown model type, keep raw value: FR-1080Y
2026/05/16 09:24:19 WARN unknown model type, keep raw value: FR-850MS
2026/05/16 09:24:19 WARN unknown model type, keep raw value: FT
2026/05/16 09:24:19 WARN unknown model type, keep raw value: FR-8060Y(PRO)
2026/05/16 09:24:19 WARN unknown model type, keep raw value: FR-1080Y
2026/05/16 09:24:19 WARN unknown model type, keep raw value: FR-850MS
2026/05/16 09:24:19 WARN unknown model type, keep raw value: FT
2026/05/16 09:24:19 WARN unknown model type, keep raw value: FR-8060Y(PRO)
2026/05/16 09:24:19 WARN unknown model type, keep raw value: FR-1080Y
2026/05/16 09:24:19 WARN unknown model type, keep raw value: FR-850MS
2026/05/16 09:24:19 WARN unknown model type, keep raw value: FT
2026/05/16 09:24:19 WARN unknown model type, keep raw value: FR-8060Y(PRO)
2026/05/16 09:24:19 WARN unknown model type, keep raw value: FR-1080Y
2026/05/16 09:24:19 WARN unknown model type, keep raw value: FR-850MS
2026/05/16 09:24:19 WARN unknown model type, keep raw value: FT
2026/05/16 09:24:19 WARN unknown model type, keep raw value: FR-8060Y(PRO)
2026/05/16 09:24:20 WARN unknown model type, keep raw value: FR-1080Y
2026/05/16 09:24:20 WARN unknown model type, keep raw value: FR-850MS
2026/05/16 09:24:20 WARN unknown model type, keep raw value: FT
2026/05/16 09:24:20 WARN unknown model type, keep raw value: FR-8060Y(PRO)
2026/05/16 09:24:20 WARN unknown model type, keep raw value: FR-1080Y
2026/05/16 09:24:20 WARN unknown model type, keep raw value: FR-850MS
2026/05/16 09:24:20 WARN unknown model type, keep raw value: FT
2026/05/16 09:24:20 WARN unknown model type, keep raw value: FR-8060Y(PRO)
2026/05/16 09:24:20 WARN unknown model type, keep raw value: FR-1080Y
2026/05/16 09:24:20 WARN unknown model type, keep raw value: FR-850MS
2026/05/16 09:24:20 WARN unknown model type, keep raw value: FT
2026/05/16 09:24:20 WARN unknown model type, keep raw value: FR-8060Y(PRO)
2026/05/16 09:24:20 WARN unknown model type, keep raw value: FR-1080Y
2026/05/16 09:24:20 WARN unknown model type, keep raw value: FR-850MS
2026/05/16 09:24:20 WARN unknown model type, keep raw value: FT
2026/05/16 09:24:20 WARN unknown model type, keep raw value: FR-8060Y(PRO)
2026/05/16 09:24:21 WARN unknown model type, keep raw value: FR-1080Y
2026/05/16 09:24:21 WARN unknown model type, keep raw value: FR-850MS
2026/05/16 09:24:21 WARN unknown model type, keep raw value: FT
2026/05/16 09:24:21 WARN unknown model type, keep raw value: FR-8060Y(PRO)
2026/05/16 09:24:21 WARN unknown model type, keep raw value: FR-1080Y
2026/05/16 09:24:21 WARN unknown model type, keep raw value: FR-850MS
2026/05/16 09:24:21 WARN unknown model type, keep raw value: FT
2026/05/16 09:24:21 WARN unknown model type, keep raw value: FR-8060Y(PRO)
2026/05/16 09:24:21 WARN unknown model type, keep raw value: FR-1080Y
2026/05/16 09:24:21 WARN unknown model type, keep raw value: FR-850MS
2026/05/16 09:24:21 WARN unknown model type, keep raw value: FT
2026/05/16 09:24:21 WARN unknown model type, keep raw value: FR-8060Y(PRO)
2026/05/16 09:24:21 WARN unknown model type, keep raw value: FR-1080Y
2026/05/16 09:24:21 WARN unknown model type, keep raw value: FR-850MS
2026/05/16 09:24:21 WARN unknown model type, keep raw value: FT
2026/05/16 09:24:21 WARN unknown model type, keep raw value: FR-8060Y(PRO)
2026/05/16 09:24:39 WARN unknown model type, keep raw value: FR-1080Y
2026/05/16 09:24:39 WARN unknown model type, keep raw value: FR-850MS
2026/05/16 09:24:39 WARN unknown model type, keep raw value: FT
2026/05/16 09:24:39 WARN unknown model type, keep raw value: FR-8060Y(PRO)
2026/05/16 09:24:39 WARN unknown model type, keep raw value: FR-8060Y
2026/05/16 09:45:59 WARN unknown model type, keep raw value: FR-1080Y
2026/05/16 09:45:59 WARN unknown model type, keep raw value: FR-850MS
2026/05/16 09:45:59 WARN unknown model type, keep raw value: FT
2026/05/16 09:45:59 WARN unknown model type, keep raw value: FR-8060Y(PRO)
2026/05/16 09:45:59 WARN unknown model type, keep raw value: FR-8060Y
2026/05/16 09:49:13 WARN unknown model type, keep raw value: FR-1080Y
2026/05/16 09:49:13 WARN unknown model type, keep raw value: FR-850MS
2026/05/16 09:49:13 WARN unknown model type, keep raw value: FT
2026/05/16 09:49:13 WARN unknown model type, keep raw value: FR-8060Y(PRO)
2026/05/16 09:49:13 WARN unknown model type, keep raw value: FR-8060Y
2026/05/16 09:49:18 WARN unknown model type, keep raw value: FR-1080Y
2026/05/16 09:49:18 WARN unknown model type, keep raw value: FR-850MS
2026/05/16 09:49:18 WARN unknown model type, keep raw value: FT
2026/05/16 09:49:18 WARN unknown model type, keep raw value: FR-8060Y(PRO)
2026/05/16 09:49:18 WARN unknown model type, keep raw value: FR-8060Y
2026/05/16 09:49:24 WARN unknown model type, keep raw value: FR-1080Y
2026/05/16 09:49:24 WARN unknown model type, keep raw value: FR-850MS
2026/05/16 09:49:24 WARN unknown model type, keep raw value: FT
2026/05/16 09:49:24 WARN unknown model type, keep raw value: FR-8060Y(PRO)
2026/05/16 09:49:24 WARN unknown model type, keep raw value: FR-8060Y
2026/05/16 09:49:32 WARN unknown model type, keep raw value: FR-1080Y
2026/05/16 09:49:32 WARN unknown model type, keep raw value: FR-850MS
2026/05/16 09:49:32 WARN unknown model type, keep raw value: FT
2026/05/16 09:49:32 WARN unknown model type, keep raw value: FR-8060Y(PRO)
2026/05/16 09:49:32 WARN unknown model type, keep raw value: FR-8060Y
2026/05/16 09:49:39 WARN unknown model type, keep raw value: FR-1080Y
2026/05/16 09:49:39 WARN unknown model type, keep raw value: FR-850MS
2026/05/16 09:49:39 WARN unknown model type, keep raw value: FT
2026/05/16 09:49:39 WARN unknown model type, keep raw value: FR-8060Y(PRO)
2026/05/16 09:49:39 WARN unknown model type, keep raw value: FR-8060Y
2026/05/16 09:49:47 WARN unknown model type, keep raw value: FR-1080Y
2026/05/16 09:49:47 WARN unknown model type, keep raw value: FR-850MS
2026/05/16 09:49:47 WARN unknown model type, keep raw value: FT
2026/05/16 09:49:47 WARN unknown model type, keep raw value: FR-8060Y(PRO)
2026/05/16 09:49:47 WARN unknown model type, keep raw value: FR-8060Y
2026/05/16 10:05:09 WARN unknown model type, keep raw value: FR-1080Y
2026/05/16 10:05:09 WARN unknown model type, keep raw value: FR-850MS
2026/05/16 10:05:09 WARN unknown model type, keep raw value: FT
2026/05/16 10:05:09 WARN unknown model type, keep raw value: FR-8060Y(PRO)
2026/05/16 10:05:09 WARN unknown model type, keep raw value: FR-8060Y
2026/05/16 10:09:51 WARN unknown model type, keep raw value: FR-1080Y
2026/05/16 10:09:51 WARN unknown model type, keep raw value: FR-850MS
2026/05/16 10:09:51 WARN unknown model type, keep raw value: FT
2026/05/16 10:09:51 WARN unknown model type, keep raw value: FR-8060Y(PRO)
2026/05/16 10:09:51 WARN unknown model type, keep raw value: FR-8060Y
